Archive member included to satisfy reference by file (symbol)

c:/st/stm32cubeide_1.7.0/stm32cubeide/plugins/com.st.stm32cube.ide.mcu.externaltools.gnu-tools-for-stm32.9-2020-q2-update.win32_2.0.0.202105311346/tools/bin/../lib/gcc/arm-none-eabi/9.3.1/../../../../arm-none-eabi/lib/thumb/v7e-m+fp/hard\libc_nano.a(lib_a-errno.o)
                              ./Core/Src/syscalls.o (__errno)
c:/st/stm32cubeide_1.7.0/stm32cubeide/plugins/com.st.stm32cube.ide.mcu.externaltools.gnu-tools-for-stm32.9-2020-q2-update.win32_2.0.0.202105311346/tools/bin/../lib/gcc/arm-none-eabi/9.3.1/../../../../arm-none-eabi/lib/thumb/v7e-m+fp/hard\libc_nano.a(lib_a-exit.o)
                              c:/st/stm32cubeide_1.7.0/stm32cubeide/plugins/com.st.stm32cube.ide.mcu.externaltools.gnu-tools-for-stm32.9-2020-q2-update.win32_2.0.0.202105311346/tools/bin/../lib/gcc/arm-none-eabi/9.3.1/../../../../arm-none-eabi/lib/thumb/v7e-m+fp/hard/crt0.o (exit)
c:/st/stm32cubeide_1.7.0/stm32cubeide/plugins/com.st.stm32cube.ide.mcu.externaltools.gnu-tools-for-stm32.9-2020-q2-update.win32_2.0.0.202105311346/tools/bin/../lib/gcc/arm-none-eabi/9.3.1/../../../../arm-none-eabi/lib/thumb/v7e-m+fp/hard\libc_nano.a(lib_a-impure.o)
                              c:/st/stm32cubeide_1.7.0/stm32cubeide/plugins/com.st.stm32cube.ide.mcu.externaltools.gnu-tools-for-stm32.9-2020-q2-update.win32_2.0.0.202105311346/tools/bin/../lib/gcc/arm-none-eabi/9.3.1/../../../../arm-none-eabi/lib/thumb/v7e-m+fp/hard\libc_nano.a(lib_a-exit.o) (_global_impure_ptr)
c:/st/stm32cubeide_1.7.0/stm32cubeide/plugins/com.st.stm32cube.ide.mcu.externaltools.gnu-tools-for-stm32.9-2020-q2-update.win32_2.0.0.202105311346/tools/bin/../lib/gcc/arm-none-eabi/9.3.1/../../../../arm-none-eabi/lib/thumb/v7e-m+fp/hard\libc_nano.a(lib_a-init.o)
                              c:/st/stm32cubeide_1.7.0/stm32cubeide/plugins/com.st.stm32cube.ide.mcu.externaltools.gnu-tools-for-stm32.9-2020-q2-update.win32_2.0.0.202105311346/tools/bin/../lib/gcc/arm-none-eabi/9.3.1/../../../../arm-none-eabi/lib/thumb/v7e-m+fp/hard/crt0.o (__libc_init_array)
c:/st/stm32cubeide_1.7.0/stm32cubeide/plugins/com.st.stm32cube.ide.mcu.externaltools.gnu-tools-for-stm32.9-2020-q2-update.win32_2.0.0.202105311346/tools/bin/../lib/gcc/arm-none-eabi/9.3.1/../../../../arm-none-eabi/lib/thumb/v7e-m+fp/hard\libc_nano.a(lib_a-memset.o)
                              c:/st/stm32cubeide_1.7.0/stm32cubeide/plugins/com.st.stm32cube.ide.mcu.externaltools.gnu-tools-for-stm32.9-2020-q2-update.win32_2.0.0.202105311346/tools/bin/../lib/gcc/arm-none-eabi/9.3.1/../../../../arm-none-eabi/lib/thumb/v7e-m+fp/hard/crt0.o (memset)
c:/st/stm32cubeide_1.7.0/stm32cubeide/plugins/com.st.stm32cube.ide.mcu.externaltools.gnu-tools-for-stm32.9-2020-q2-update.win32_2.0.0.202105311346/tools/bin/../lib/gcc/arm-none-eabi/9.3.1/../../../../arm-none-eabi/lib/thumb/v7e-m+fp/hard\libc_nano.a(lib_a-strlen.o)
                              ./Core/Src/main.o (strlen)

Allocating common symbols
Common symbol       size              file

hspi2               0x64              ./Core/Src/main.o
uwTick              0x4               ./Drivers/STM32F3xx_HAL_Driver/Src/stm32f3xx_hal.o
pFlash              0x20              ./Drivers/STM32F3xx_HAL_Driver/Src/stm32f3xx_hal_flash.o
RxData              0x20              ./Core/Src/main.o
huart2              0x88              ./Core/Src/main.o

Discarded input sections

 .text          0x0000000000000000        0x0 c:/st/stm32cubeide_1.7.0/stm32cubeide/plugins/com.st.stm32cube.ide.mcu.externaltools.gnu-tools-for-stm32.9-2020-q2-update.win32_2.0.0.202105311346/tools/bin/../lib/gcc/arm-none-eabi/9.3.1/thumb/v7e-m+fp/hard/crti.o
 .data          0x0000000000000000        0x0 c:/st/stm32cubeide_1.7.0/stm32cubeide/plugins/com.st.stm32cube.ide.mcu.externaltools.gnu-tools-for-stm32.9-2020-q2-update.win32_2.0.0.202105311346/tools/bin/../lib/gcc/arm-none-eabi/9.3.1/thumb/v7e-m+fp/hard/crti.o
 .bss           0x0000000000000000        0x0 c:/st/stm32cubeide_1.7.0/stm32cubeide/plugins/com.st.stm32cube.ide.mcu.externaltools.gnu-tools-for-stm32.9-2020-q2-update.win32_2.0.0.202105311346/tools/bin/../lib/gcc/arm-none-eabi/9.3.1/thumb/v7e-m+fp/hard/crti.o
 .data          0x0000000000000000        0x4 c:/st/stm32cubeide_1.7.0/stm32cubeide/plugins/com.st.stm32cube.ide.mcu.externaltools.gnu-tools-for-stm32.9-2020-q2-update.win32_2.0.0.202105311346/tools/bin/../lib/gcc/arm-none-eabi/9.3.1/thumb/v7e-m+fp/hard/crtbegin.o
 .text          0x0000000000000000       0x7c c:/st/stm32cubeide_1.7.0/stm32cubeide/plugins/com.st.stm32cube.ide.mcu.externaltools.gnu-tools-for-stm32.9-2020-q2-update.win32_2.0.0.202105311346/tools/bin/../lib/gcc/arm-none-eabi/9.3.1/../../../../arm-none-eabi/lib/thumb/v7e-m+fp/hard/crt0.o
[...]
Memory Configuration

Name             Origin             Length             Attributes
RAM              0x0000000020000000 0x0000000000004000 xrw
FLASH            0x0000000008000000 0x0000000000010000 xr
*default*        0x0000000000000000 0xffffffffffffffff

Linker script and memory map

LOAD c:/st/stm32cubeide_1.7.0/stm32cubeide/plugins/com.st.stm32cube.ide.mcu.externaltools.gnu-tools-for-stm32.9-2020-q2-update.win32_2.0.0.202105311346/tools/bin/../lib/gcc/arm-none-eabi/9.3.1/thumb/v7e-m+fp/hard/crti.o
LOAD c:/st/stm32cubeide_1.7.0/stm32cubeide/plugins/com.st.stm32cube.ide.mcu.externaltools.gnu-tools-for-stm32.9-2020-q2-update.win32_2.0.0.202105311346/tools/bin/../lib/gcc/arm-none-eabi/9.3.1/thumb/v7e-m+fp/hard/crtbegin.o
LOAD c:/st/stm32cubeide_1.7.0/stm32cubeide/plugins/com.st.stm32cube.ide.mcu.externaltools.gnu-tools-for-stm32.9-2020-q2-update.win32_2.0.0.202105311346/tools/bin/../lib/gcc/arm-none-eabi/9.3.1/../../../../arm-none-eabi/lib/thumb/v7e-m+fp/hard/crt0.o
LOAD ./Core/Src/NRF24L01.o
LOAD ./Core/Src/main.o
LOAD ./Core/Src/stm32f3xx_hal_msp.o
LOAD ./Core/Src/stm32f3xx_it.o
LOAD ./Core/Src/syscalls.o
LOAD ./Core/Src/sysmem.o
LOAD ./Core/Src/system_stm32f3xx.o
LOAD ./Core/Startup/startup_stm32f301c8tx.o
LOAD ./Drivers/STM32F3xx_HAL_Driver/Src/stm32f3xx_hal.o
LOAD ./Drivers/STM32F3xx_HAL_Driver/Src/stm32f3xx_hal_cortex.o
LOAD ./Drivers/STM32F3xx_HAL_Driver/Src/stm32f3xx_hal_dma.o
LOAD ./Drivers/STM32F3xx_HAL_Driver/Src/stm32f3xx_hal_exti.o
LOAD ./Drivers/STM32F3xx_HAL_Driver/Src/stm32f3xx_hal_flash.o
LOAD ./Drivers/STM32F3xx_HAL_Driver/Src/stm32f3xx_hal_flash_ex.o
LOAD ./Drivers/STM32F3xx_HAL_Driver/Src/stm32f3xx_hal_gpio.o
LOAD ./Drivers/STM32F3xx_HAL_Driver/Src/stm32f3xx_hal_i2c.o
LOAD ./Drivers/STM32F3xx_HAL_Driver/Src/stm32f3xx_hal_i2c_ex.o
LOAD ./Drivers/STM32F3xx_HAL_Driver/Src/stm32f3xx_hal_pwr.o
LOAD ./Drivers/STM32F3xx_HAL_Driver/Src/stm32f3xx_hal_pwr_ex.o
LOAD ./Drivers/STM32F3xx_HAL_Driver/Src/stm32f3xx_hal_rcc.o
LOAD ./Drivers/STM32F3xx_HAL_Driver/Src/stm32f3xx_hal_rcc_ex.o
LOAD ./Drivers/STM32F3xx_HAL_Driver/Src/stm32f3xx_hal_spi.o
LOAD ./Drivers/STM32F3xx_HAL_Driver/Src/stm32f3xx_hal_spi_ex.o
LOAD ./Drivers/STM32F3xx_HAL_Driver/Src/stm32f3xx_hal_tim.o
LOAD ./Drivers/STM32F3xx_HAL_Driver/Src/stm32f3xx_hal_tim_ex.o
LOAD ./Drivers/STM32F3xx_HAL_Driver/Src/stm32f3xx_hal_uart.o
LOAD ./Drivers/STM32F3xx_HAL_Driver/Src/stm32f3xx_hal_uart_ex.o
START GROUP
LOAD c:/st/stm32cubeide_1.7.0/stm32cubeide/plugins/com.st.stm32cube.ide.mcu.externaltools.gnu-tools-for-stm32.9-2020-q2-update.win32_2.0.0.202105311346/tools/bin/../lib/gcc/arm-none-eabi/9.3.1/../../../../arm-none-eabi/lib/thumb/v7e-m+fp/hard\libc_nano.a
LOAD c:/st/stm32cubeide_1.7.0/stm32cubeide/plugins/com.st.stm32cube.ide.mcu.externaltools.gnu-tools-for-stm32.9-2020-q2-update.win32_2.0.0.202105311346/tools/bin/../lib/gcc/arm-none-eabi/9.3.1/../../../../arm-none-eabi/lib/thumb/v7e-m+fp/hard\libm.a
END GROUP
START GROUP
LOAD c:/st/stm32cubeide_1.7.0/stm32cubeide/plugins/com.st.stm32cube.ide.mcu.externaltools.gnu-tools-for-stm32.9-2020-q2-update.win32_2.0.0.202105311346/tools/bin/../lib/gcc/arm-none-eabi/9.3.1/thumb/v7e-m+fp/hard\libgcc.a
LOAD c:/st/stm32cubeide_1.7.0/stm32cubeide/plugins/com.st.stm32cube.ide.mcu.externaltools.gnu-tools-for-stm32.9-2020-q2-update.win32_2.0.0.202105311346/tools/bin/../lib/gcc/arm-none-eabi/9.3.1/../../../../arm-none-eabi/lib/thumb/v7e-m+fp/hard\libc_nano.a
END GROUP
START GROUP
LOAD c:/st/stm32cubeide_1.7.0/stm32cubeide/plugins/com.st.stm32cube.ide.mcu.externaltools.gnu-tools-for-stm32.9-2020-q2-update.win32_2.0.0.202105311346/tools/bin/../lib/gcc/arm-none-eabi/9.3.1/thumb/v7e-m+fp/hard\libgcc.a
LOAD c:/st/stm32cubeide_1.7.0/stm32cubeide/plugins/com.st.stm32cube.ide.mcu.externaltools.gnu-tools-for-stm32.9-2020-q2-update.win32_2.0.0.202105311346/tools/bin/../lib/gcc/arm-none-eabi/9.3.1/../../../../arm-none-eabi/lib/thumb/v7e-m+fp/hard\libc_nano.a
LOAD c:/st/stm32cubeide_1.7.0/stm32cubeide/plugins/com.st.stm32cube.ide.mcu.externaltools.gnu-tools-for-stm32.9-2020-q2-update.win32_2.0.0.202105311346/tools/bin/../lib/gcc/arm-none-eabi/9.3.1/../../../../arm-none-eabi/lib/thumb/v7e-m+fp/hard\libnosys.a
END GROUP
START GROUP
LOAD c:/st/stm32cubeide_1.7.0/stm32cubeide/plugins/com.st.stm32cube.ide.mcu.externaltools.gnu-tools-for-stm32.9-2020-q2-update.win32_2.0.0.202105311346/tools/bin/../lib/gcc/arm-none-eabi/9.3.1/thumb/v7e-m+fp/hard\libgcc.a
LOAD c:/st/stm32cubeide_1.7.0/stm32cubeide/plugins/com.st.stm32cube.ide.mcu.externaltools.gnu-tools-for-stm32.9-2020-q2-update.win32_2.0.0.202105311346/tools/bin/../lib/gcc/arm-none-eabi/9.3.1/../../../../arm-none-eabi/lib/thumb/v7e-m+fp/hard\libc_nano.a
LOAD c:/st/stm32cubeide_1.7.0/stm32cubeide/plugins/com.st.stm32cube.ide.mcu.externaltools.gnu-tools-for-stm32.9-2020-q2-update.win32_2.0.0.202105311346/tools/bin/../lib/gcc/arm-none-eabi/9.3.1/../../../../arm-none-eabi/lib/thumb/v7e-m+fp/hard\libnosys.a
END GROUP
LOAD c:/st/stm32cubeide_1.7.0/stm32cubeide/plugins/com.st.stm32cube.ide.mcu.externaltools.gnu-tools-for-stm32.9-2020-q2-update.win32_2.0.0.202105311346/tools/bin/../lib/gcc/arm-none-eabi/9.3.1/thumb/v7e-m+fp/hard/crtend.o
LOAD c:/st/stm32cubeide_1.7.0/stm32cubeide/plugins/com.st.stm32cube.ide.mcu.externaltools.gnu-tools-for-stm32.9-2020-q2-update.win32_2.0.0.202105311346/tools/bin/../lib/gcc/arm-none-eabi/9.3.1/thumb/v7e-m+fp/hard/crtn.o
                0x0000000020004000                _estack = (ORIGIN (RAM) + LENGTH (RAM))
                0x0000000000000200                _Min_Heap_Size = 0x200
                0x0000000000000400                _Min_Stack_Size = 0x400

.isr_vector     0x0000000008000000      0x188
                0x0000000008000000                . = ALIGN (0x4)
 *(.isr_vector)
 .isr_vector    0x0000000008000000      0x188 ./Core/Startup/startup_stm32f301c8tx.o
                0x0000000008000000                g_pfnVectors
                0x0000000008000188                . = ALIGN (0x4)

.text           0x0000000008000188     0x3714
                0x0000000008000188                . = ALIGN (0x4)
 *(.text)
 .text          0x0000000008000188       0x40 c:/st/stm32cubeide_1.7.0/stm32cubeide/plugins/com.st.stm32cube.ide.mcu.externaltools.gnu-tools-for-stm32.9-2020-q2-update.win32_2.0.0.202105311346/tools/bin/../lib/gcc/arm-none-eabi/9.3.1/thumb/v7e-m+fp/hard/crtbegin.o
 .text          0x00000000080001c8       0x10 c:/st/stm32cubeide_1.7.0/stm32cubeide/plugins/com.st.stm32cube.ide.mcu.externaltools.gnu-tools-for-stm32.9-2020-q2-update.win32_2.0.0.202105311346/tools/bin/../lib/gcc/arm-none-eabi/9.3.1/../../../../arm-none-eabi/lib/thumb/v7e-m+fp/hard\libc_nano.a(lib_a-strlen.o)
                0x00000000080001c8                strlen
 *(.text*)
 .text.CS_Select
                0x00000000080001d8       0x18 ./Core/Src/NRF24L01.o
                0x00000000080001d8                CS_Select
 .text.CS_UnSelect
                0x00000000080001f0       0x18 ./Core/Src/NRF24L01.o
                0x00000000080001f0                CS_UnSelect
 .text.CE_Enable
                0x0000000008000208       0x16 ./Core/Src/NRF24L01.o
                0x0000000008000208                CE_Enable
 .text.CE_Disable
                0x000000000800021e       0x16 ./Core/Src/NRF24L01.o
                0x000000000800021e                CE_Disable
 .text.nrf24_WriteReg
                0x0000000008000234       0x44 ./Core/Src/NRF24L01.o
                0x0000000008000234                nrf24_WriteReg
 .text.nrf24_WriteRegMulti
                0x0000000008000278       0x4c ./Core/Src/NRF24L01.o
                0x0000000008000278                nrf24_WriteRegMulti
 .text.nrf24_ReadReg
                0x00000000080002c4       0x40 ./Core/Src/NRF24L01.o
                0x00000000080002c4                nrf24_ReadReg
 .text.nrfsendCmd
                0x0000000008000304       0x2c ./Core/Src/NRF24L01.o
                0x0000000008000304                nrfsendCmd
 .text.NRF24_Init
                0x0000000008000330       0x48 ./Core/Src/NRF24L01.o
                0x0000000008000330                NRF24_Init
 .text.NRF24_RxMode
                0x0000000008000378       0x70 ./Core/Src/NRF24L01.o
                0x0000000008000378                NRF24_RxMode
 .text.isDataAvailable
                0x00000000080003e8       0x3e ./Core/Src/NRF24L01.o
                0x00000000080003e8                isDataAvailable
 *fill*         0x0000000008000426        0x2 
 .text.NRF24_Receive
                0x0000000008000428       0x54 ./Core/Src/NRF24L01.o
                0x0000000008000428                NRF24_Receive
 .text.main     0x000000000800047c       0x5c ./Core/Src/main.o
                0x000000000800047c                main
 .text.SystemClock_Config
                0x00000000080004d8       0x76 ./Core/Src/main.o
                0x00000000080004d8                SystemClock_Config
 *fill*         0x000000000800054e        0x2 
 .text.MX_SPI2_Init
                0x0000000008000550       0x7c ./Core/Src/main.o
 .text.MX_USART2_UART_Init
                0x00000000080005cc       0x60 ./Core/Src/main.o
 .text.MX_GPIO_Init
                0x000000000800062c       0xb0 ./Core/Src/main.o
 .text.Error_Handler
                0x00000000080006dc        0xa ./Core/Src/main.o
                0x00000000080006dc                Error_Handler
 *fill*         0x00000000080006e6        0x2 
 .text.HAL_MspInit
                0x00000000080006e8       0x48 ./Core/Src/stm32f3xx_hal_msp.o
                0x00000000080006e8                HAL_MspInit
 .text.HAL_SPI_MspInit
                0x0000000008000730       0x88 ./Core/Src/stm32f3xx_hal_msp.o
                0x0000000008000730                HAL_SPI_MspInit
 .text.HAL_UART_MspInit
                0x00000000080007b8       0x84 ./Core/Src/stm32f3xx_hal_msp.o
                0x00000000080007b8                HAL_UART_MspInit
 .text.NMI_Handler
                0x000000000800083c        0x6 ./Core/Src/stm32f3xx_it.o
                0x000000000800083c                NMI_Handler
 .text.HardFault_Handler
                0x0000000008000842        0x6 ./Core/Src/stm32f3xx_it.o
                0x0000000008000842                HardFault_Handler
 .text.MemManage_Handler
                0x0000000008000848        0x6 ./Core/Src/stm32f3xx_it.o
                0x0000000008000848                MemManage_Handler
 .text.BusFault_Handler
                0x000000000800084e        0x6 ./Core/Src/stm32f3xx_it.o
                0x000000000800084e                BusFault_Handler
 .text.UsageFault_Handler
                0x0000000008000854        0x6 ./Core/Src/stm32f3xx_it.o
                0x0000000008000854                UsageFault_Handler
 .text.SVC_Handler
                0x000000000800085a        0xe ./Core/Src/stm32f3xx_it.o
                0x000000000800085a                SVC_Handler
 .text.DebugMon_Handler
                0x0000000008000868        0xe ./Core/Src/stm32f3xx_it.o
                0x0000000008000868                DebugMon_Handler
 .text.PendSV_Handler
                0x0000000008000876        0xe ./Core/Src/stm32f3xx_it.o
                0x0000000008000876                PendSV_Handler
 .text.SysTick_Handler
                0x0000000008000884        0xc ./Core/Src/stm32f3xx_it.o
                0x0000000008000884                SysTick_Handler
 .text.SystemInit
                0x0000000008000890       0x24 ./Core/Src/system_stm32f3xx.o
                0x0000000008000890                SystemInit
 .text.Reset_Handler
                0x00000000080008b4       0x50 ./Core/Startup/startup_stm32f301c8tx.o
                0x00000000080008b4                Reset_Handler
 .text.Default_Handler
                0x0000000008000904        0x2 ./Core/Startup/startup_stm32f301c8tx.o
                0x0000000008000904                RTC_Alarm_IRQHandler
                0x0000000008000904                TIM1_CC_IRQHandler
                0x0000000008000904                PVD_IRQHandler
                0x0000000008000904                TAMP_STAMP_IRQHandler
                0x0000000008000904                EXTI3_IRQHandler
                0x0000000008000904                I2C3_ER_IRQHandler
                0x0000000008000904                EXTI0_IRQHandler
                0x0000000008000904                I2C2_EV_IRQHandler
                0x0000000008000904                FPU_IRQHandler
                0x0000000008000904                TIM1_UP_TIM16_IRQHandler
                0x0000000008000904                TIM6_DAC_IRQHandler
                0x0000000008000904                DMA1_Channel4_IRQHandler
                0x0000000008000904                ADC1_IRQHandler
                0x0000000008000904                USART3_IRQHandler
                0x0000000008000904                DMA1_Channel7_IRQHandler
                0x0000000008000904                I2C1_EV_IRQHandler
                0x0000000008000904                DMA1_Channel6_IRQHandler
                0x0000000008000904                RCC_IRQHandler
                0x0000000008000904                DMA1_Channel1_IRQHandler
                0x0000000008000904                Default_Handler
                0x0000000008000904                EXTI15_10_IRQHandler
                0x0000000008000904                COMP2_IRQHandler
                0x0000000008000904                I2C3_EV_IRQHandler
                0x0000000008000904                EXTI9_5_IRQHandler
                0x0000000008000904                RTC_WKUP_IRQHandler
                0x0000000008000904                SPI2_IRQHandler
                0x0000000008000904                DMA1_Channel5_IRQHandler
                0x0000000008000904                EXTI4_IRQHandler
                0x0000000008000904                TIM1_TRG_COM_TIM17_IRQHandler
                0x0000000008000904                DMA1_Channel3_IRQHandler
                0x0000000008000904                WWDG_IRQHandler
                0x0000000008000904                TIM2_IRQHandler
                0x0000000008000904                EXTI1_IRQHandler
                0x0000000008000904                COMP4_6_IRQHandler
                0x0000000008000904                USART2_IRQHandler
                0x0000000008000904                I2C2_ER_IRQHandler
                0x0000000008000904                DMA1_Channel2_IRQHandler
                0x0000000008000904                FLASH_IRQHandler
                0x0000000008000904                USART1_IRQHandler
                0x0000000008000904                SPI3_IRQHandler
                0x0000000008000904                I2C1_ER_IRQHandler
                0x0000000008000904                EXTI2_TSC_IRQHandler
                0x0000000008000904                TIM1_BRK_TIM15_IRQHandler
 *fill*         0x0000000008000906        0x2 
 .text.HAL_Init
                0x0000000008000908       0x2c ./Drivers/STM32F3xx_HAL_Driver/Src/stm32f3xx_hal.o
                0x0000000008000908                HAL_Init
 .text.HAL_InitTick
                0x0000000008000934       0x60 ./Drivers/STM32F3xx_HAL_Driver/Src/stm32f3xx_hal.o
                0x0000000008000934                HAL_InitTick
 .text.HAL_IncTick
                0x0000000008000994       0x28 ./Drivers/STM32F3xx_HAL_Driver/Src/stm32f3xx_hal.o
                0x0000000008000994                HAL_IncTick
 .text.HAL_GetTick
                0x00000000080009bc       0x18 ./Drivers/STM32F3xx_HAL_Driver/Src/stm32f3xx_hal.o
                0x00000000080009bc                HAL_GetTick
 .text.HAL_Delay
                0x00000000080009d4       0x48 ./Drivers/STM32F3xx_HAL_Driver/Src/stm32f3xx_hal.o
                0x00000000080009d4                HAL_Delay
 .text.__NVIC_SetPriorityGrouping
                0x0000000008000a1c       0x48 ./Drivers/STM32F3xx_HAL_Driver/Src/stm32f3xx_hal_cortex.o
 .text.__NVIC_GetPriorityGrouping
                0x0000000008000a64       0x1c ./Drivers/STM32F3xx_HAL_Driver/Src/stm32f3xx_hal_cortex.o
 .text.__NVIC_SetPriority
                0x0000000008000a80       0x54 ./Drivers/STM32F3xx_HAL_Driver/Src/stm32f3xx_hal_cortex.o
 .text.NVIC_EncodePriority
                0x0000000008000ad4       0x66 ./Drivers/STM32F3xx_HAL_Driver/Src/stm32f3xx_hal_cortex.o
 *fill*         0x0000000008000b3a        0x2 
 .text.SysTick_Config
                0x0000000008000b3c       0x44 ./Drivers/STM32F3xx_HAL_Driver/Src/stm32f3xx_hal_cortex.o
 .text.HAL_NVIC_SetPriorityGrouping
                0x0000000008000b80       0x16 ./Drivers/STM32F3xx_HAL_Driver/Src/stm32f3xx_hal_cortex.o
                0x0000000008000b80                HAL_NVIC_SetPriorityGrouping
 .text.HAL_NVIC_SetPriority
                0x0000000008000b96       0x38 ./Drivers/STM32F3xx_HAL_Driver/Src/stm32f3xx_hal_cortex.o
                0x0000000008000b96                HAL_NVIC_SetPriority
 .text.HAL_SYSTICK_Config
                0x0000000008000bce       0x18 ./Drivers/STM32F3xx_HAL_Driver/Src/stm32f3xx_hal_cortex.o
                0x0000000008000bce                HAL_SYSTICK_Config
 *fill*         0x0000000008000be6        0x2 
 .text.HAL_GPIO_Init
                0x0000000008000be8      0x2e4 ./Drivers/STM32F3xx_HAL_Driver/Src/stm32f3xx_hal_gpio.o
                0x0000000008000be8                HAL_GPIO_Init
 .text.HAL_GPIO_WritePin
                0x0000000008000ecc       0x30 ./Drivers/STM32F3xx_HAL_Driver/Src/stm32f3xx_hal_gpio.o
                0x0000000008000ecc                HAL_GPIO_WritePin
 .text.HAL_RCC_OscConfig
                0x0000000008000efc      0xe10 ./Drivers/STM32F3xx_HAL_Driver/Src/stm32f3xx_hal_rcc.o
                0x0000000008000efc                HAL_RCC_OscConfig
 .text.HAL_RCC_ClockConfig
                0x0000000008001d0c      0x2f8 ./Drivers/STM32F3xx_HAL_Driver/Src/stm32f3xx_hal_rcc.o
                0x0000000008001d0c                HAL_RCC_ClockConfig
 .text.HAL_RCC_GetSysClockFreq
                0x0000000008002004       0xd4 ./Drivers/STM32F3xx_HAL_Driver/Src/stm32f3xx_hal_rcc.o
                0x0000000008002004                HAL_RCC_GetSysClockFreq
 .text.HAL_RCC_GetHCLKFreq
                0x00000000080020d8       0x18 ./Drivers/STM32F3xx_HAL_Driver/Src/stm32f3xx_hal_rcc.o
                0x00000000080020d8                HAL_RCC_GetHCLKFreq
 .text.HAL_RCC_GetPCLK1Freq
                0x00000000080020f0       0x44 ./Drivers/STM32F3xx_HAL_Driver/Src/stm32f3xx_hal_rcc.o
                0x00000000080020f0                HAL_RCC_GetPCLK1Freq
 .text.HAL_RCC_GetPCLK2Freq
                0x0000000008002134       0x44 ./Drivers/STM32F3xx_HAL_Driver/Src/stm32f3xx_hal_rcc.o
                0x0000000008002134                HAL_RCC_GetPCLK2Freq
 .text.HAL_SPI_Init
                0x0000000008002178      0x156 ./Drivers/STM32F3xx_HAL_Driver/Src/stm32f3xx_hal_spi.o
                0x0000000008002178                HAL_SPI_Init
 .text.HAL_SPI_Transmit
                0x00000000080022ce      0x2ea ./Drivers/STM32F3xx_HAL_Driver/Src/stm32f3xx_hal_spi.o
                0x00000000080022ce                HAL_SPI_Transmit
 .text.HAL_SPI_Receive
                0x00000000080025b8      0x26e ./Drivers/STM32F3xx_HAL_Driver/Src/stm32f3xx_hal_spi.o
                0x00000000080025b8                HAL_SPI_Receive
 .text.HAL_SPI_TransmitReceive
                0x0000000008002826      0x444 ./Drivers/STM32F3xx_HAL_Driver/Src/stm32f3xx_hal_spi.o
                0x0000000008002826                HAL_SPI_TransmitReceive
 *fill*         0x0000000008002c6a        0x2 
 .text.SPI_WaitFlagStateUntilTimeout
                0x0000000008002c6c      0x110 ./Drivers/STM32F3xx_HAL_Driver/Src/stm32f3xx_hal_spi.o
 .text.SPI_WaitFifoStateUntilTimeout
                0x0000000008002d7c      0x12c ./Drivers/STM32F3xx_HAL_Driver/Src/stm32f3xx_hal_spi.o
 .text.SPI_EndRxTransaction
                0x0000000008002ea8       0xb0 ./Drivers/STM32F3xx_HAL_Driver/Src/stm32f3xx_hal_spi.o
 .text.SPI_EndRxTxTransaction
                0x0000000008002f58       0x8c ./Drivers/STM32F3xx_HAL_Driver/Src/stm32f3xx_hal_spi.o
 .text.HAL_UART_Init
                0x0000000008002fe4       0x9c ./Drivers/STM32F3xx_HAL_Driver/Src/stm32f3xx_hal_uart.o
                0x0000000008002fe4                HAL_UART_Init
 .text.HAL_UART_Transmit
                0x0000000008003080      0x114 ./Drivers/STM32F3xx_HAL_Driver/Src/stm32f3xx_hal_uart.o
                0x0000000008003080                HAL_UART_Transmit
 .text.UART_SetConfig
                0x0000000008003194      0x26c ./Drivers/STM32F3xx_HAL_Driver/Src/stm32f3xx_hal_uart.o
                0x0000000008003194                UART_SetConfig
 .text.UART_AdvFeatureConfig
                0x0000000008003400      0x144 ./Drivers/STM32F3xx_HAL_Driver/Src/stm32f3xx_hal_uart.o
                0x0000000008003400                UART_AdvFeatureConfig
 .text.UART_CheckIdleState
                0x0000000008003544      0x150 ./Drivers/STM32F3xx_HAL_Driver/Src/stm32f3xx_hal_uart.o
                0x0000000008003544                UART_CheckIdleState
 .text.UART_WaitOnFlagUntilTimeout
                0x0000000008003694       0xce ./Drivers/STM32F3xx_HAL_Driver/Src/stm32f3xx_hal_uart.o
                0x0000000008003694                UART_WaitOnFlagUntilTimeout
 .text.UART_EndRxTransfer
                0x0000000008003762       0xc8 ./Drivers/STM32F3xx_HAL_Driver/Src/stm32f3xx_hal_uart.o
 *fill*         0x000000000800382a        0x2 
 .text.__libc_init_array
                0x000000000800382c       0x48 c:/st/stm32cubeide_1.7.0/stm32cubeide/plugins/com.st.stm32cube.ide.mcu.externaltools.gnu-tools-for-stm32.9-2020-q2-update.win32_2.0.0.202105311346/tools/bin/../lib/gcc/arm-none-eabi/9.3.1/../../../../arm-none-eabi/lib/thumb/v7e-m+fp/hard\libc_nano.a(lib_a-init.o)
                0x000000000800382c                __libc_init_array
 .text.memset   0x0000000008003874       0x10 c:/st/stm32cubeide_1.7.0/stm32cubeide/plugins/com.st.stm32cube.ide.mcu.externaltools.gnu-tools-for-stm32.9-2020-q2-update.win32_2.0.0.202105311346/tools/bin/../lib/gcc/arm-none-eabi/9.3.1/../../../../arm-none-eabi/lib/thumb/v7e-m+fp/hard\libc_nano.a(lib_a-memset.o)
                0x0000000008003874                memset
 *(.glue_7)
 .glue_7        0x0000000008003884        0x0 linker stubs
 *(.glue_7t)
 .glue_7t       0x0000000008003884        0x0 linker stubs
 *(.eh_frame)
 .eh_frame      0x0000000008003884        0x0 c:/st/stm32cubeide_1.7.0/stm32cubeide/plugins/com.st.stm32cube.ide.mcu.externaltools.gnu-tools-for-stm32.9-2020-q2-update.win32_2.0.0.202105311346/tools/bin/../lib/gcc/arm-none-eabi/9.3.1/thumb/v7e-m+fp/hard/crtbegin.o
 *(.init)
 .init          0x0000000008003884        0x4 c:/st/stm32cubeide_1.7.0/stm32cubeide/plugins/com.st.stm32cube.ide.mcu.externaltools.gnu-tools-for-stm32.9-2020-q2-update.win32_2.0.0.202105311346/tools/bin/../lib/gcc/arm-none-eabi/9.3.1/thumb/v7e-m+fp/hard/crti.o
                0x0000000008003884                _init
 .init          0x0000000008003888        0x8 c:/st/stm32cubeide_1.7.0/stm32cubeide/plugins/com.st.stm32cube.ide.mcu.externaltools.gnu-tools-for-stm32.9-2020-q2-update.win32_2.0.0.202105311346/tools/bin/../lib/gcc/arm-none-eabi/9.3.1/thumb/v7e-m+fp/hard/crtn.o
 *(.fini)
 .fini          0x0000000008003890        0x4 c:/st/stm32cubeide_1.7.0/stm32cubeide/plugins/com.st.stm32cube.ide.mcu.externaltools.gnu-tools-for-stm32.9-2020-q2-update.win32_2.0.0.202105311346/tools/bin/../lib/gcc/arm-none-eabi/9.3.1/thumb/v7e-m+fp/hard/crti.o
                0x0000000008003890                _fini
 .fini          0x0000000008003894        0x8 c:/st/stm32cubeide_1.7.0/stm32cubeide/plugins/com.st.stm32cube.ide.mcu.externaltools.gnu-tools-for-stm32.9-2020-q2-update.win32_2.0.0.202105311346/tools/bin/../lib/gcc/arm-none-eabi/9.3.1/thumb/v7e-m+fp/hard/crtn.o
                0x000000000800389c                . = ALIGN (0x4)
                0x000000000800389c                _etext = .

.vfp11_veneer   0x000000000800389c        0x0
 .vfp11_veneer  0x000000000800389c        0x0 linker stubs

.v4_bx          0x000000000800389c        0x0
 .v4_bx         0x000000000800389c        0x0 linker stubs

.iplt           0x000000000800389c        0x0
 .iplt          0x000000000800389c        0x0 c:/st/stm32cubeide_1.7.0/stm32cubeide/plugins/com.st.stm32cube.ide.mcu.externaltools.gnu-tools-for-stm32.9-2020-q2-update.win32_2.0.0.202105311346/tools/bin/../lib/gcc/arm-none-eabi/9.3.1/thumb/v7e-m+fp/hard/crtbegin.o

.rodata         0x000000000800389c       0x38
                0x000000000800389c                . = ALIGN (0x4)
 *(.rodata)
 *(.rodata*)
 .rodata.AHBPrescTable
                0x000000000800389c       0x10 ./Core/Src/system_stm32f3xx.o
                0x000000000800389c                AHBPrescTable
 .rodata.APBPrescTable
                0x00000000080038ac        0x8 ./Core/Src/system_stm32f3xx.o
                0x00000000080038ac                APBPrescTable
 .rodata.aPLLMULFactorTable
                0x00000000080038b4       0x10 ./Drivers/STM32F3xx_HAL_Driver/Src/stm32f3xx_hal_rcc.o
 .rodata.aPredivFactorTable
                0x00000000080038c4       0x10 ./Drivers/STM32F3xx_HAL_Driver/Src/stm32f3xx_hal_rcc.o
                0x00000000080038d4                . = ALIGN (0x4)

.rel.dyn        0x00000000080038d4        0x0
 .rel.iplt      0x00000000080038d4        0x0 c:/st/stm32cubeide_1.7.0/stm32cubeide/plugins/com.st.stm32cube.ide.mcu.externaltools.gnu-tools-for-stm32.9-2020-q2-update.win32_2.0.0.202105311346/tools/bin/../lib/gcc/arm-none-eabi/9.3.1/thumb/v7e-m+fp/hard/crtbegin.o

.ARM.extab      0x00000000080038d4        0x0
                0x00000000080038d4                . = ALIGN (0x4)
 *(.ARM.extab* .gnu.linkonce.armextab.*)
                0x00000000080038d4                . = ALIGN (0x4)

.ARM            0x00000000080038d4        0x0
                0x00000000080038d4                . = ALIGN (0x4)
                0x00000000080038d4                __exidx_start = .
 *(.ARM.exidx*)
                0x00000000080038d4                __exidx_end = .
                0x00000000080038d4                . = ALIGN (0x4)

.preinit_array  0x00000000080038d4        0x0
                0x00000000080038d4                . = ALIGN (0x4)
                0x00000000080038d4                PROVIDE (__preinit_array_start = .)
 *(.preinit_array*)
                0x00000000080038d4                PROVIDE (__preinit_array_end = .)
                0x00000000080038d4                . = ALIGN (0x4)

.init_array     0x00000000080038d4        0x4
                0x00000000080038d4                . = ALIGN (0x4)
                0x00000000080038d4                PROVIDE (__init_array_start = .)
 *(SORT_BY_NAME(.init_array.*))
 *(.init_array*)
 .init_array    0x00000000080038d4        0x4 c:/st/stm32cubeide_1.7.0/stm32cubeide/plugins/com.st.stm32cube.ide.mcu.externaltools.gnu-tools-for-stm32.9-2020-q2-update.win32_2.0.0.202105311346/tools/bin/../lib/gcc/arm-none-eabi/9.3.1/thumb/v7e-m+fp/hard/crtbegin.o
                0x00000000080038d8                PROVIDE (__init_array_end = .)
                0x00000000080038d8                . = ALIGN (0x4)

.fini_array     0x00000000080038d8        0x4
                0x00000000080038d8                . = ALIGN (0x4)
                [!provide]                        PROVIDE (__fini_array_start = .)
 *(SORT_BY_NAME(.fini_array.*))
 *(.fini_array*)
 .fini_array    0x00000000080038d8        0x4 c:/st/stm32cubeide_1.7.0/stm32cubeide/plugins/com.st.stm32cube.ide.mcu.externaltools.gnu-tools-for-stm32.9-2020-q2-update.win32_2.0.0.202105311346/tools/bin/../lib/gcc/arm-none-eabi/9.3.1/thumb/v7e-m+fp/hard/crtbegin.o
                [!provide]                        PROVIDE (__fini_array_end = .)
                0x00000000080038dc                . = ALIGN (0x4)
                0x00000000080038dc                _sidata = LOADADDR (.data)

.data           0x0000000020000000       0x14 load address 0x00000000080038dc
                0x0000000020000000                . = ALIGN (0x4)
                0x0000000020000000                _sdata = .
 *(.data)
 *(.data*)
 .data.RxAddress
                0x0000000020000000        0x5 ./Core/Src/main.o
                0x0000000020000000                RxAddress
 *fill*         0x0000000020000005        0x3 
 .data.SystemCoreClock
                0x0000000020000008        0x4 ./Core/Src/system_stm32f3xx.o
                0x0000000020000008                SystemCoreClock
 .data.uwTickPrio
                0x000000002000000c        0x4 ./Drivers/STM32F3xx_HAL_Driver/Src/stm32f3xx_hal.o
                0x000000002000000c                uwTickPrio
 .data.uwTickFreq
                0x0000000020000010        0x1 ./Drivers/STM32F3xx_HAL_Driver/Src/stm32f3xx_hal.o
                0x0000000020000010                uwTickFreq
 *(.RamFunc)
 *(.RamFunc*)
                0x0000000020000014                . = ALIGN (0x4)
 *fill*         0x0000000020000011        0x3 
                0x0000000020000014                _edata = .

.igot.plt       0x0000000020000014        0x0 load address 0x00000000080038f0
 .igot.plt      0x0000000020000014        0x0 c:/st/stm32cubeide_1.7.0/stm32cubeide/plugins/com.st.stm32cube.ide.mcu.externaltools.gnu-tools-for-stm32.9-2020-q2-update.win32_2.0.0.202105311346/tools/bin/../lib/gcc/arm-none-eabi/9.3.1/thumb/v7e-m+fp/hard/crtbegin.o
                0x0000000020000014                . = ALIGN (0x4)

.bss            0x0000000020000014      0x12c load address 0x00000000080038f0
                0x0000000020000014                _sbss = .
                0x0000000020000014                __bss_start__ = _sbss
 *(.bss)
 .bss           0x0000000020000014       0x1c c:/st/stm32cubeide_1.7.0/stm32cubeide/plugins/com.st.stm32cube.ide.mcu.externaltools.gnu-tools-for-stm32.9-2020-q2-update.win32_2.0.0.202105311346/tools/bin/../lib/gcc/arm-none-eabi/9.3.1/thumb/v7e-m+fp/hard/crtbegin.o
 *(.bss*)
 *(COMMON)
 COMMON         0x0000000020000030      0x10c ./Core/Src/main.o
                0x0000000020000030                hspi2
                0x0000000020000094                RxData
                0x00000000200000b4                huart2
 COMMON         0x000000002000013c        0x4 ./Drivers/STM32F3xx_HAL_Driver/Src/stm32f3xx_hal.o
                0x000000002000013c                uwTick
                0x0000000020000140                . = ALIGN (0x4)
                0x0000000020000140                _ebss = .
                0x0000000020000140                __bss_end__ = _ebss

._user_heap_stack
                0x0000000020000140      0x600 load address 0x00000000080038f0
                0x0000000020000140                . = ALIGN (0x8)
                [!provide]                        PROVIDE (end = .)
                0x0000000020000140                PROVIDE (_end = .)
                0x0000000020000340                . = (. + _Min_Heap_Size)
 *fill*         0x0000000020000140      0x200 
                0x0000000020000740                . = (. + _Min_Stack_Size)
 *fill*         0x0000000020000340      0x400 
                0x0000000020000740                . = ALIGN (0x8)

/DISCARD/
 libc.a(*)
 libm.a(*)
 libgcc.a(*)

.ARM.attributes
                0x0000000000000000       0x30
 *(.ARM.attributes)
 .ARM.attributes
                0x0000000000000000       0x1e c:/st/stm32cubeide_1.7.0/stm32cubeide/plugins/com.st.stm32cube.ide.mcu.externaltools.gnu-tools-for-stm32.9-2020-q2-update.win32_2.0.0.202105311346/tools/bin/../lib/gcc/arm-none-eabi/9.3.1/thumb/v7e-m+fp/hard/crti.o
 .ARM.attributes
                0x000000000000001e       0x34 c:/st/stm32cubeide_1.7.0/stm32cubeide/plugins/com.st.stm32cube.ide.mcu.externaltools.gnu-tools-for-stm32.9-2020-q2-update.win32_2.0.0.202105311346/tools/bin/../lib/gcc/arm-none-eabi/9.3.1/thumb/v7e-m+fp/hard/crtbegin.o
 .ARM.attributes
                0x0000000000000052       0x34 ./Core/Src/NRF24L01.o
 .ARM.attributes
                0x0000000000000086       0x34 ./Core/Src/main.o
 .ARM.attributes
                0x00000000000000ba       0x34 ./Core/Src/stm32f3xx_hal_msp.o
 .ARM.attributes
                0x00000000000000ee       0x34 ./Core/Src/stm32f3xx_it.o
 .ARM.attributes
                0x0000000000000122       0x34 ./Core/Src/system_stm32f3xx.o
 .ARM.attributes
                0x0000000000000156       0x21 ./Core/Startup/startup_stm32f301c8tx.o
 .ARM.attributes
                0x0000000000000177       0x34 ./Drivers/STM32F3xx_HAL_Driver/Src/stm32f3xx_hal.o
 .ARM.attributes
                0x00000000000001ab       0x34 ./Drivers/STM32F3xx_HAL_Driver/Src/stm32f3xx_hal_cortex.o
 .ARM.attributes
                0x00000000000001df       0x34 ./Drivers/STM32F3xx_HAL_Driver/Src/stm32f3xx_hal_gpio.o
 .ARM.attributes
                0x0000000000000213       0x34 ./Drivers/STM32F3xx_HAL_Driver/Src/stm32f3xx_hal_rcc.o
 .ARM.attributes
                0x0000000000000247       0x34 ./Drivers/STM32F3xx_HAL_Driver/Src/stm32f3xx_hal_spi.o
 .ARM.attributes
                0x000000000000027b       0x34 ./Drivers/STM32F3xx_HAL_Driver/Src/stm32f3xx_hal_uart.o
 .ARM.attributes
                0x00000000000002af       0x34 c:/st/stm32cubeide_1.7.0/stm32cubeide/plugins/com.st.stm32cube.ide.mcu.externaltools.gnu-tools-for-stm32.9-2020-q2-update.win32_2.0.0.202105311346/tools/bin/../lib/gcc/arm-none-eabi/9.3.1/../../../../arm-none-eabi/lib/thumb/v7e-m+fp/hard\libc_nano.a(lib_a-init.o)
 .ARM.attributes
                0x00000000000002e3       0x34 c:/st/stm32cubeide_1.7.0/stm32cubeide/plugins/com.st.stm32cube.ide.mcu.externaltools.gnu-tools-for-stm32.9-2020-q2-update.win32_2.0.0.202105311346/tools/bin/../lib/gcc/arm-none-eabi/9.3.1/../../../../arm-none-eabi/lib/thumb/v7e-m+fp/hard\libc_nano.a(lib_a-memset.o)
 .ARM.attributes
                0x0000000000000317       0x17 c:/st/stm32cubeide_1.7.0/stm32cubeide/plugins/com.st.stm32cube.ide.mcu.externaltools.gnu-tools-for-stm32.9-2020-q2-update.win32_2.0.0.202105311346/tools/bin/../lib/gcc/arm-none-eabi/9.3.1/../../../../arm-none-eabi/lib/thumb/v7e-m+fp/hard\libc_nano.a(lib_a-strlen.o)
 .ARM.attributes
                0x000000000000032e       0x1e c:/st/stm32cubeide_1.7.0/stm32cubeide/plugins/com.st.stm32cube.ide.mcu.externaltools.gnu-tools-for-stm32.9-2020-q2-update.win32_2.0.0.202105311346/tools/bin/../lib/gcc/arm-none-eabi/9.3.1/thumb/v7e-m+fp/hard/crtn.o
OUTPUT(PE2_NRF24L01_RX.elf elf32-littlearm)
LOAD linker stubs
LOAD c:/st/stm32cubeide_1.7.0/stm32cubeide/plugins/com.st.stm32cube.ide.mcu.externaltools.gnu-tools-for-stm32.9-2020-q2-update.win32_2.0.0.202105311346/tools/bin/../lib/gcc/arm-none-eabi/9.3.1/../../../../arm-none-eabi/lib/thumb/v7e-m+fp/hard\libc.a
LOAD c:/st/stm32cubeide_1.7.0/stm32cubeide/plugins/com.st.stm32cube.ide.mcu.externaltools.gnu-tools-for-stm32.9-2020-q2-update.win32_2.0.0.202105311346/tools/bin/../lib/gcc/arm-none-eabi/9.3.1/../../../../arm-none-eabi/lib/thumb/v7e-m+fp/hard\libm.a
LOAD c:/st/stm32cubeide_1.7.0/stm32cubeide/plugins/com.st.stm32cube.ide.mcu.externaltools.gnu-tools-for-stm32.9-2020-q2-update.win32_2.0.0.202105311346/tools/bin/../lib/gcc/arm-none-eabi/9.3.1/thumb/v7e-m+fp/hard\libgcc.a

.debug_info     0x0000000000000000     0xb9fa
 .debug_info    0x0000000000000000      0xa0d ./Core/Src/NRF24L01.o
 .debug_info    0x0000000000000a0d     0x1723 ./Core/Src/main.o
 .debug_info    0x0000000000002130      0xd2d ./Core/Src/stm32f3xx_hal_msp.o
 .debug_info    0x0000000000002e5d      0x225 ./Core/Src/stm32f3xx_it.o
 .debug_info    0x0000000000003082      0x49a ./Core/Src/system_stm32f3xx.o
 .debug_info    0x000000000000351c       0x22 ./Core/Startup/startup_stm32f301c8tx.o
 .debug_info    0x000000000000353e      0x7a7 ./Drivers/STM32F3xx_HAL_Driver/Src/stm32f3xx_hal.o
 .debug_info    0x0000000000003ce5      0xbd9 ./Drivers/STM32F3xx_HAL_Driver/Src/stm32f3xx_hal_cortex.o
 .debug_info    0x00000000000048be      0x779 ./Drivers/STM32F3xx_HAL_Driver/Src/stm32f3xx_hal_gpio.o
 .debug_info    0x0000000000005037     0x15b4 ./Drivers/STM32F3xx_HAL_Driver/Src/stm32f3xx_hal_rcc.o
 .debug_info    0x00000000000065eb     0x17f6 ./Drivers/STM32F3xx_HAL_Driver/Src/stm32f3xx_hal_spi.o
 .debug_info    0x0000000000007de1     0x3c19 ./Drivers/STM32F3xx_HAL_Driver/Src/stm32f3xx_hal_uart.o

.debug_abbrev   0x0000000000000000     0x170a
 .debug_abbrev  0x0000000000000000      0x1d8 ./Core/Src/NRF24L01.o
 .debug_abbrev  0x00000000000001d8      0x28c ./Core/Src/main.o
 .debug_abbrev  0x0000000000000464      0x1ac ./Core/Src/stm32f3xx_hal_msp.o
 .debug_abbrev  0x0000000000000610       0xd2 ./Core/Src/stm32f3xx_it.o
 .debug_abbrev  0x00000000000006e2      0x145 ./Core/Src/system_stm32f3xx.o
 .debug_abbrev  0x0000000000000827       0x12 ./Core/Startup/startup_stm32f301c8tx.o
 .debug_abbrev  0x0000000000000839      0x21e ./Drivers/STM32F3xx_HAL_Driver/Src/stm32f3xx_hal.o
 .debug_abbrev  0x0000000000000a57      0x313 ./Drivers/STM32F3xx_HAL_Driver/Src/stm32f3xx_hal_cortex.o
 .debug_abbrev  0x0000000000000d6a      0x1e8 ./Drivers/STM32F3xx_HAL_Driver/Src/stm32f3xx_hal_gpio.o
 .debug_abbrev  0x0000000000000f52      0x2b1 ./Drivers/STM32F3xx_HAL_Driver/Src/stm32f3xx_hal_rcc.o
 .debug_abbrev  0x0000000000001203      0x254 ./Drivers/STM32F3xx_HAL_Driver/Src/stm32f3xx_hal_spi.o
 .debug_abbrev  0x0000000000001457      0x2b3 ./Drivers/STM32F3xx_HAL_Driver/Src/stm32f3xx_hal_uart.o

.debug_aranges  0x0000000000000000      0x880
 .debug_aranges
                0x0000000000000000       0x88 ./Core/Src/NRF24L01.o
 .debug_aranges
                0x0000000000000088       0x48 ./Core/Src/main.o
 .debug_aranges
                0x00000000000000d0       0x40 ./Core/Src/stm32f3xx_hal_msp.o
 .debug_aranges
                0x0000000000000110       0x60 ./Core/Src/stm32f3xx_it.o
 .debug_aranges
                0x0000000000000170       0x28 ./Core/Src/system_stm32f3xx.o
 .debug_aranges
                0x0000000000000198       0x28 ./Core/Startup/startup_stm32f301c8tx.o
 .debug_aranges
                0x00000000000001c0       0xe0 ./Drivers/STM32F3xx_HAL_Driver/Src/stm32f3xx_hal.o
 .debug_aranges
                0x00000000000002a0      0x100 ./Drivers/STM32F3xx_HAL_Driver/Src/stm32f3xx_hal_cortex.o
 .debug_aranges
                0x00000000000003a0       0x58 ./Drivers/STM32F3xx_HAL_Driver/Src/stm32f3xx_hal_gpio.o
 .debug_aranges
                0x00000000000003f8       0x88 ./Drivers/STM32F3xx_HAL_Driver/Src/stm32f3xx_hal_rcc.o
 .debug_aranges
                0x0000000000000480      0x1d8 ./Drivers/STM32F3xx_HAL_Driver/Src/stm32f3xx_hal_spi.o
 .debug_aranges
                0x0000000000000658      0x228 ./Drivers/STM32F3xx_HAL_Driver/Src/stm32f3xx_hal_uart.o

.debug_ranges   0x0000000000000000      0x7f8
 .debug_ranges  0x0000000000000000       0x78 ./Core/Src/NRF24L01.o
 .debug_ranges  0x0000000000000078       0x38 ./Core/Src/main.o
 .debug_ranges  0x00000000000000b0       0x30 ./Core/Src/stm32f3xx_hal_msp.o
 .debug_ranges  0x00000000000000e0       0x50 ./Core/Src/stm32f3xx_it.o
 .debug_ranges  0x0000000000000130       0x18 ./Core/Src/system_stm32f3xx.o
 .debug_ranges  0x0000000000000148       0x20 ./Core/Startup/startup_stm32f301c8tx.o
 .debug_ranges  0x0000000000000168       0xd0 ./Drivers/STM32F3xx_HAL_Driver/Src/stm32f3xx_hal.o
 .debug_ranges  0x0000000000000238       0xf0 ./Drivers/STM32F3xx_HAL_Driver/Src/stm32f3xx_hal_cortex.o
 .debug_ranges  0x0000000000000328       0x48 ./Drivers/STM32F3xx_HAL_Driver/Src/stm32f3xx_hal_gpio.o
 .debug_ranges  0x0000000000000370       0x78 ./Drivers/STM32F3xx_HAL_Driver/Src/stm32f3xx_hal_rcc.o
 .debug_ranges  0x00000000000003e8      0x1c8 ./Drivers/STM32F3xx_HAL_Driver/Src/stm32f3xx_hal_spi.o
 .debug_ranges  0x00000000000005b0      0x248 ./Drivers/STM32F3xx_HAL_Driver/Src/stm32f3xx_hal_uart.o

.debug_macro    0x0000000000000000    0x14c6c
 .debug_macro   0x0000000000000000      0x1eb ./Core/Src/NRF24L01.o
 .debug_macro   0x00000000000001eb      0xaa8 ./Core/Src/NRF24L01.o
 .debug_macro   0x0000000000000c93      0x157 ./Core/Src/NRF24L01.o
 .debug_macro   0x0000000000000dea       0x2e ./Core/Src/NRF24L01.o
 .debug_macro   0x0000000000000e18       0x28 ./Core/Src/NRF24L01.o
 .debug_macro   0x0000000000000e40       0x22 ./Core/Src/NRF24L01.o
 .debug_macro   0x0000000000000e62       0x8e ./Core/Src/NRF24L01.o
 .debug_macro   0x0000000000000ef0       0x51 ./Core/Src/NRF24L01.o
 .debug_macro   0x0000000000000f41      0x103 ./Core/Src/NRF24L01.o
 .debug_macro   0x0000000000001044       0x6a ./Core/Src/NRF24L01.o
 .debug_macro   0x00000000000010ae      0x1df ./Core/Src/NRF24L01.o
 .debug_macro   0x000000000000128d       0x1c ./Core/Src/NRF24L01.o
 .debug_macro   0x00000000000012a9       0x22 ./Core/Src/NRF24L01.o
 .debug_macro   0x00000000000012cb       0xdf ./Core/Src/NRF24L01.o
 .debug_macro   0x00000000000013aa      0xf07 ./Core/Src/NRF24L01.o
 .debug_macro   0x00000000000022b1     0xb11f ./Core/Src/NRF24L01.o
 .debug_macro   0x000000000000d3d0       0x6d ./Core/Src/NRF24L01.o
 .debug_macro   0x000000000000d43d     0x3558 ./Core/Src/NRF24L01.o
 .debug_macro   0x0000000000010995      0x174 ./Core/Src/NRF24L01.o
 .debug_macro   0x0000000000010b09       0x55 ./Core/Src/NRF24L01.o
 .debug_macro   0x0000000000010b5e      0x8f8 ./Core/Src/NRF24L01.o
 .debug_macro   0x0000000000011456      0x39d ./Core/Src/NRF24L01.o
 .debug_macro   0x00000000000117f3      0x1b5 ./Core/Src/NRF24L01.o
 .debug_macro   0x00000000000119a8      0x153 ./Core/Src/NRF24L01.o
 .debug_macro   0x0000000000011afb      0x1d5 ./Core/Src/NRF24L01.o
 .debug_macro   0x0000000000011cd0      0x1bc ./Core/Src/NRF24L01.o
 .debug_macro   0x0000000000011e8c       0x34 ./Core/Src/NRF24L01.o
 .debug_macro   0x0000000000011ec0       0x3c ./Core/Src/NRF24L01.o
 .debug_macro   0x0000000000011efc       0x57 ./Core/Src/NRF24L01.o
 .debug_macro   0x0000000000011f53       0xc5 ./Core/Src/NRF24L01.o
 .debug_macro   0x0000000000012018      0x19f ./Core/Src/NRF24L01.o
 .debug_macro   0x00000000000121b7      0x22c ./Core/Src/NRF24L01.o
 .debug_macro   0x00000000000123e3       0x5b ./Core/Src/NRF24L01.o
 .debug_macro   0x000000000001243e       0xa5 ./Core/Src/NRF24L01.o
 .debug_macro   0x00000000000124e3       0x81 ./Core/Src/NRF24L01.o
 .debug_macro   0x0000000000012564       0xd3 ./Core/Src/NRF24L01.o
 .debug_macro   0x0000000000012637      0x2fe ./Core/Src/NRF24L01.o
 .debug_macro   0x0000000000012935      0x5ba ./Core/Src/NRF24L01.o
 .debug_macro   0x0000000000012eef       0x44 ./Core/Src/NRF24L01.o
 .debug_macro   0x0000000000012f33      0x1db ./Core/Src/NRF24L01.o
 .debug_macro   0x000000000001310e       0xee ./Core/Src/NRF24L01.o
 .debug_macro   0x00000000000131fc      0x2aa ./Core/Src/main.o
 .debug_macro   0x00000000000134a6       0x28 ./Core/Src/main.o
 .debug_macro   0x00000000000134ce       0x52 ./Core/Src/main.o
 .debug_macro   0x0000000000013520       0x18 ./Core/Src/main.o
 .debug_macro   0x0000000000013538       0x3c ./Core/Src/main.o
 .debug_macro   0x0000000000013574       0x34 ./Core/Src/main.o
 .debug_macro   0x00000000000135a8       0x16 ./Core/Src/main.o
 .debug_macro   0x00000000000135be       0x43 ./Core/Src/main.o
 .debug_macro   0x0000000000013601       0x34 ./Core/Src/main.o
 .debug_macro   0x0000000000013635       0x10 ./Core/Src/main.o
 .debug_macro   0x0000000000013645       0x58 ./Core/Src/main.o
 .debug_macro   0x000000000001369d       0x71 ./Core/Src/main.o
 .debug_macro   0x000000000001370e       0x1c ./Core/Src/main.o
 .debug_macro   0x000000000001372a      0x12a ./Core/Src/main.o
 .debug_macro   0x0000000000013854      0x333 ./Core/Src/main.o
 .debug_macro   0x0000000000013b87       0x10 ./Core/Src/main.o
 .debug_macro   0x0000000000013b97       0x35 ./Core/Src/main.o
 .debug_macro   0x0000000000013bcc       0x20 ./Core/Src/main.o
 .debug_macro   0x0000000000013bec      0x1d3 ./Core/Src/stm32f3xx_hal_msp.o
 .debug_macro   0x0000000000013dbf      0x1dd ./Core/Src/stm32f3xx_it.o
 .debug_macro   0x0000000000013f9c      0x1c4 ./Core/Src/system_stm32f3xx.o
 .debug_macro   0x0000000000014160      0x1e8 ./Drivers/STM32F3xx_HAL_Driver/Src/stm32f3xx_hal.o
 .debug_macro   0x0000000000014348      0x1c4 ./Drivers/STM32F3xx_HAL_Driver/Src/stm32f3xx_hal_cortex.o
 .debug_macro   0x000000000001450c      0x1cb ./Drivers/STM32F3xx_HAL_Driver/Src/stm32f3xx_hal_gpio.o
 .debug_macro   0x00000000000146d7      0x1e8 ./Drivers/STM32F3xx_HAL_Driver/Src/stm32f3xx_hal_rcc.o
 .debug_macro   0x00000000000148bf      0x1cc ./Drivers/STM32F3xx_HAL_Driver/Src/stm32f3xx_hal_spi.o
 .debug_macro   0x0000000000014a8b      0x1e1 ./Drivers/STM32F3xx_HAL_Driver/Src/stm32f3xx_hal_uart.o

.debug_line     0x0000000000000000     0xabec
 .debug_line    0x0000000000000000      0x8c1 ./Core/Src/NRF24L01.o
 .debug_line    0x00000000000008c1      0x987 ./Core/Src/main.o
 .debug_line    0x0000000000001248      0x77d ./Core/Src/stm32f3xx_hal_msp.o
 .debug_line    0x00000000000019c5      0x7a5 ./Core/Src/stm32f3xx_it.o
 .debug_line    0x000000000000216a      0x759 ./Core/Src/system_stm32f3xx.o
 .debug_line    0x00000000000028c3       0x88 ./Core/Startup/startup_stm32f301c8tx.o
 .debug_line    0x000000000000294b      0x98e ./Drivers/STM32F3xx_HAL_Driver/Src/stm32f3xx_hal.o
 .debug_line    0x00000000000032d9      0xb76 ./Drivers/STM32F3xx_HAL_Driver/Src/stm32f3xx_hal_cortex.o
 .debug_line    0x0000000000003e4f      0xad9 ./Drivers/STM32F3xx_HAL_Driver/Src/stm32f3xx_hal_gpio.o
 .debug_line    0x0000000000004928     0x1368 ./Drivers/STM32F3xx_HAL_Driver/Src/stm32f3xx_hal_rcc.o
 .debug_line    0x0000000000005c90     0x1f07 ./Drivers/STM32F3xx_HAL_Driver/Src/stm32f3xx_hal_spi.o
 .debug_line    0x0000000000007b97     0x3055 ./Drivers/STM32F3xx_HAL_Driver/Src/stm32f3xx_hal_uart.o

.debug_str      0x0000000000000000    0x7f9c4
 .debug_str     0x0000000000000000    0x7a730 ./Core/Src/NRF24L01.o
                                      0x7aa3f (size before relaxing)
 .debug_str     0x000000000007a730     0x362d ./Core/Src/main.o
                                      0x7df7e (size before relaxing)
 .debug_str     0x000000000007dd5d       0x7d ./Core/Src/stm32f3xx_hal_msp.o
                                      0x7a9d2 (size before relaxing)
 .debug_str     0x000000000007ddda       0xbd ./Core/Src/stm32f3xx_it.o
                                      0x7a38f (size before relaxing)
 .debug_str     0x000000000007de97       0xbd ./Core/Src/system_stm32f3xx.o
                                      0x7a350 (size before relaxing)
 .debug_str     0x000000000007df54       0x36 ./Core/Startup/startup_stm32f301c8tx.o
                                         0x78 (size before relaxing)
 .debug_str     0x000000000007df8a      0x54a ./Drivers/STM32F3xx_HAL_Driver/Src/stm32f3xx_hal.o
                                      0x7a98d (size before relaxing)
 .debug_str     0x000000000007e4d4      0x2a2 ./Drivers/STM32F3xx_HAL_Driver/Src/stm32f3xx_hal_cortex.o
                                      0x7a96e (size before relaxing)
 .debug_str     0x000000000007e776      0x169 ./Drivers/STM32F3xx_HAL_Driver/Src/stm32f3xx_hal_gpio.o
                                      0x7a504 (size before relaxing)
 .debug_str     0x000000000007e8df      0x2f0 ./Drivers/STM32F3xx_HAL_Driver/Src/stm32f3xx_hal_rcc.o
                                      0x7a7be (size before relaxing)
 .debug_str     0x000000000007ebcf      0x59a ./Drivers/STM32F3xx_HAL_Driver/Src/stm32f3xx_hal_spi.o
                                      0x7ac56 (size before relaxing)
 .debug_str     0x000000000007f169      0x85b ./Drivers/STM32F3xx_HAL_Driver/Src/stm32f3xx_hal_uart.o
                                      0x7aff6 (size before relaxing)

.comment        0x0000000000000000       0x53
 .comment       0x0000000000000000       0x53 ./Core/Src/NRF24L01.o
                                         0x54 (size before relaxing)
 .comment       0x0000000000000053       0x54 ./Core/Src/main.o
 .comment       0x0000000000000053       0x54 ./Core/Src/stm32f3xx_hal_msp.o
 .comment       0x0000000000000053       0x54 ./Core/Src/stm32f3xx_it.o
 .comment       0x0000000000000053       0x54 ./Core/Src/system_stm32f3xx.o
 .comment       0x0000000000000053       0x54 ./Drivers/STM32F3xx_HAL_Driver/Src/stm32f3xx_hal.o
 .comment       0x0000000000000053       0x54 ./Drivers/STM32F3xx_HAL_Driver/Src/stm32f3xx_hal_cortex.o
 .comment       0x0000000000000053       0x54 ./Drivers/STM32F3xx_HAL_Driver/Src/stm32f3xx_hal_gpio.o
 .comment       0x0000000000000053       0x54 ./Drivers/STM32F3xx_HAL_Driver/Src/stm32f3xx_hal_rcc.o
 .comment       0x0000000000000053       0x54 ./Drivers/STM32F3xx_HAL_Driver/Src/stm32f3xx_hal_spi.o
 .comment       0x0000000000000053       0x54 ./Drivers/STM32F3xx_HAL_Driver/Src/stm32f3xx_hal_uart.o

.debug_frame    0x0000000000000000     0x2218
 .debug_frame   0x0000000000000000      0x1e0 ./Core/Src/NRF24L01.o
 .debug_frame   0x00000000000001e0       0xc4 ./Core/Src/main.o
 .debug_frame   0x00000000000002a4       0xc8 ./Core/Src/stm32f3xx_hal_msp.o
 .debug_frame   0x000000000000036c      0x104 ./Core/Src/stm32f3xx_it.o
 .debug_frame   0x0000000000000470       0x58 ./Core/Src/system_stm32f3xx.o
 .debug_frame   0x00000000000004c8      0x334 ./Drivers/STM32F3xx_HAL_Driver/Src/stm32f3xx_hal.o
 .debug_frame   0x00000000000007fc      0x428 ./Drivers/STM32F3xx_HAL_Driver/Src/stm32f3xx_hal_cortex.o
 .debug_frame   0x0000000000000c24      0x14c ./Drivers/STM32F3xx_HAL_Driver/Src/stm32f3xx_hal_gpio.o
 .debug_frame   0x0000000000000d70      0x214 ./Drivers/STM32F3xx_HAL_Driver/Src/stm32f3xx_hal_rcc.o
 .debug_frame   0x0000000000000f84      0x860 ./Drivers/STM32F3xx_HAL_Driver/Src/stm32f3xx_hal_spi.o
 .debug_frame   0x00000000000017e4      0x9e8 ./Drivers/STM32F3xx_HAL_Driver/Src/stm32f3xx_hal_uart.o
 .debug_frame   0x00000000000021cc       0x2c c:/st/stm32cubeide_1.7.0/stm32cubeide/plugins/com.st.stm32cube.ide.mcu.externaltools.gnu-tools-for-stm32.9-2020-q2-update.win32_2.0.0.202105311346/tools/bin/../lib/gcc/arm-none-eabi/9.3.1/../../../../arm-none-eabi/lib/thumb/v7e-m+fp/hard\libc_nano.a(lib_a-init.o)
 .debug_frame   0x00000000000021f8       0x20 c:/st/stm32cubeide_1.7.0/stm32cubeide/plugins/com.st.stm32cube.ide.mcu.externaltools.gnu-tools-for-stm32.9-2020-q2-update.win32_2.0.0.202105311346/tools/bin/../lib/gcc/arm-none-eabi/9.3.1/../../../../arm-none-eabi/lib/thumb/v7e-m+fp/hard\libc_nano.a(lib_a-memset.o)
